Archive member included to satisfy reference by file (symbol)

c:/st/stm32cubeide_1.9.0/stm32cubeide/plugins/com.st.stm32cube.ide.mcu.externaltools.gnu-tools-for-stm32.10.3-2021.10.win32_1.0.0.202111181127/tools/bin/../lib/gcc/arm-none-eabi/10.3.1/../../../../arm-none-eabi/lib/thumb/v7-m/nofp\libc_nano.a(lib_a-errno.o)
                              ./Application/User/Core/syscalls.o (__errno)
c:/st/stm32cubeide_1.9.0/stm32cubeide/plugins/com.st.stm32cube.ide.mcu.externaltools.gnu-tools-for-stm32.10.3-2021.10.win32_1.0.0.202111181127/tools/bin/../lib/gcc/arm-none-eabi/10.3.1/../../../../arm-none-eabi/lib/thumb/v7-m/nofp\libc_nano.a(lib_a-exit.o)
                              c:/st/stm32cubeide_1.9.0/stm32cubeide/plugins/com.st.stm32cube.ide.mcu.externaltools.gnu-tools-for-stm32.10.3-2021.10.win32_1.0.0.202111181127/tools/bin/../lib/gcc/arm-none-eabi/10.3.1/../../../../arm-none-eabi/lib/thumb/v7-m/nofp/crt0.o (exit)
c:/st/stm32cubeide_1.9.0/stm32cubeide/plugins/com.st.stm32cube.ide.mcu.externaltools.gnu-tools-for-stm32.10.3-2021.10.win32_1.0.0.202111181127/tools/bin/../lib/gcc/arm-none-eabi/10.3.1/../../../../arm-none-eabi/lib/thumb/v7-m/nofp\libc_nano.a(lib_a-impure.o)
                              c:/st/stm32cubeide_1.9.0/stm32cubeide/plugins/com.st.stm32cube.ide.mcu.externaltools.gnu-tools-for-stm32.10.3-2021.10.win32_1.0.0.202111181127/tools/bin/../lib/gcc/arm-none-eabi/10.3.1/../../../../arm-none-eabi/lib/thumb/v7-m/nofp\libc_nano.a(lib_a-exit.o) (_global_impure_ptr)
c:/st/stm32cubeide_1.9.0/stm32cubeide/plugins/com.st.stm32cube.ide.mcu.externaltools.gnu-tools-for-stm32.10.3-2021.10.win32_1.0.0.202111181127/tools/bin/../lib/gcc/arm-none-eabi/10.3.1/../../../../arm-none-eabi/lib/thumb/v7-m/nofp\libc_nano.a(lib_a-init.o)
                              c:/st/stm32cubeide_1.9.0/stm32cubeide/plugins/com.st.stm32cube.ide.mcu.externaltools.gnu-tools-for-stm32.10.3-2021.10.win32_1.0.0.202111181127/tools/bin/../lib/gcc/arm-none-eabi/10.3.1/../../../../arm-none-eabi/lib/thumb/v7-m/nofp/crt0.o (__libc_init_array)
c:/st/stm32cubeide_1.9.0/stm32cubeide/plugins/com.st.stm32cube.ide.mcu.externaltools.gnu-tools-for-stm32.10.3-2021.10.win32_1.0.0.202111181127/tools/bin/../lib/gcc/arm-none-eabi/10.3.1/../../../../arm-none-eabi/lib/thumb/v7-m/nofp\libc_nano.a(lib_a-memset.o)
                              c:/st/stm32cubeide_1.9.0/stm32cubeide/plugins/com.st.stm32cube.ide.mcu.externaltools.gnu-tools-for-stm32.10.3-2021.10.win32_1.0.0.202111181127/tools/bin/../lib/gcc/arm-none-eabi/10.3.1/../../../../arm-none-eabi/lib/thumb/v7-m/nofp/crt0.o (memset)

Discarded input sections

 .text          0x0000000000000000        0x0 c:/st/stm32cubeide_1.9.0/stm32cubeide/plugins/com.st.stm32cube.ide.mcu.externaltools.gnu-tools-for-stm32.10.3-2021.10.win32_1.0.0.202111181127/tools/bin/../lib/gcc/arm-none-eabi/10.3.1/thumb/v7-m/nofp/crti.o
 .data          0x0000000000000000        0x0 c:/st/stm32cubeide_1.9.0/stm32cubeide/plugins/com.st.stm32cube.ide.mcu.externaltools.gnu-tools-for-stm32.10.3-2021.10.win32_1.0.0.202111181127/tools/bin/../lib/gcc/arm-none-eabi/10.3.1/thumb/v7-m/nofp/crti.o
 .bss           0x0000000000000000        0x0 c:/st/stm32cubeide_1.9.0/stm32cubeide/plugins/com.st.stm32cube.ide.mcu.externaltools.gnu-tools-for-stm32.10.3-2021.10.win32_1.0.0.202111181127/tools/bin/../lib/gcc/arm-none-eabi/10.3.1/thumb/v7-m/nofp/crti.o
 .data          0x0000000000000000        0x4 c:/st/stm32cubeide_1.9.0/stm32cubeide/plugins/com.st.stm32cube.ide.mcu.externaltools.gnu-tools-for-stm32.10.3-2021.10.win32_1.0.0.202111181127/tools/bin/../lib/gcc/arm-none-eabi/10.3.1/thumb/v7-m/nofp/crtbegin.o
 .rodata        0x0000000000000000       0x24 c:/st/stm32cubeide_1.9.0/stm32cubeide/plugins/com.st.stm32cube.ide.mcu.externaltools.gnu-tools-for-stm32.10.3-2021.10.win32_1.0.0.202111181127/tools/bin/../lib/gcc/arm-none-eabi/10.3.1/thumb/v7-m/nofp/crtbegin.o
 .text          0x0000000000000000       0x7c c:/st/stm32cubeide_1.9.0/stm32cubeide/plugins/com.st.stm32cube.ide.mcu.externaltools.gnu-tools-for-stm32.10.3-2021.10.win32_1.0.0.202111181127/tools/bin/../lib/gcc/arm-none-eabi/10.3.1/../../../../arm-none-eabi/lib/thumb/v7-m/nofp/crt0.o
 .data          0x0000000000000000        0x0 c:/st/stm32cubeide_1.9.0/stm32cubeide/plugins/com.st.stm32cube.ide.mcu.externaltools.gnu-tools-for-stm32.10.3-2021.10.win32_1.0.0.202111181127/tools/bin/../lib/gcc/arm-none-eabi/10.3.1/../../../../arm-none-eabi/lib/thumb/v7-m/nofp/crt0.o
 .bss           0x0000000000000000        0x0 c:/st/stm32cubeide_1.9.0/stm32cubeide/plugins/com.st.stm32cube.ide.mcu.externaltools.gnu-tools-for-stm32.10.3-2021.10.win32_1.0.0.202111181127/tools/bin/../lib/gcc/arm-none-eabi/10.3.1/../../../../arm-none-eabi/lib/thumb/v7-m/nofp/crt0.o
[...]
Memory Configuration

Name             Origin             Length             Attributes
RAM              0x0000000020000000 0x0000000000005000 xrw
FLASH            0x0000000008000000 0x0000000000020000 xr
*default*        0x0000000000000000 0xffffffffffffffff

Linker script and memory map

LOAD c:/st/stm32cubeide_1.9.0/stm32cubeide/plugins/com.st.stm32cube.ide.mcu.externaltools.gnu-tools-for-stm32.10.3-2021.10.win32_1.0.0.202111181127/tools/bin/../lib/gcc/arm-none-eabi/10.3.1/thumb/v7-m/nofp/crti.o
LOAD c:/st/stm32cubeide_1.9.0/stm32cubeide/plugins/com.st.stm32cube.ide.mcu.externaltools.gnu-tools-for-stm32.10.3-2021.10.win32_1.0.0.202111181127/tools/bin/../lib/gcc/arm-none-eabi/10.3.1/thumb/v7-m/nofp/crtbegin.o
LOAD c:/st/stm32cubeide_1.9.0/stm32cubeide/plugins/com.st.stm32cube.ide.mcu.externaltools.gnu-tools-for-stm32.10.3-2021.10.win32_1.0.0.202111181127/tools/bin/../lib/gcc/arm-none-eabi/10.3.1/../../../../arm-none-eabi/lib/thumb/v7-m/nofp/crt0.o
LOAD ./Application/User/Core/main.o
LOAD ./Application/User/Core/stm32f1xx_hal_msp.o
LOAD ./Application/User/Core/stm32f1xx_it.o
LOAD ./Application/User/Core/syscalls.o
LOAD ./Application/User/Core/sysmem.o
LOAD ./Application/User/Startup/startup_stm32f103rbtx.o
LOAD ./Drivers/CMSIS/system_stm32f1xx.o
LOAD ./Drivers/STM32F1xx_HAL_Driver/stm32f1xx_hal.o
LOAD ./Drivers/STM32F1xx_HAL_Driver/stm32f1xx_hal_cortex.o
LOAD ./Drivers/STM32F1xx_HAL_Driver/stm32f1xx_hal_dma.o
LOAD ./Drivers/STM32F1xx_HAL_Driver/stm32f1xx_hal_exti.o
LOAD ./Drivers/STM32F1xx_HAL_Driver/stm32f1xx_hal_flash.o
LOAD ./Drivers/STM32F1xx_HAL_Driver/stm32f1xx_hal_flash_ex.o
LOAD ./Drivers/STM32F1xx_HAL_Driver/stm32f1xx_hal_gpio.o
LOAD ./Drivers/STM32F1xx_HAL_Driver/stm32f1xx_hal_gpio_ex.o
LOAD ./Drivers/STM32F1xx_HAL_Driver/stm32f1xx_hal_pwr.o
LOAD ./Drivers/STM32F1xx_HAL_Driver/stm32f1xx_hal_rcc.o
LOAD ./Drivers/STM32F1xx_HAL_Driver/stm32f1xx_hal_rcc_ex.o
LOAD ./Drivers/STM32F1xx_HAL_Driver/stm32f1xx_hal_tim.o
LOAD ./Drivers/STM32F1xx_HAL_Driver/stm32f1xx_hal_tim_ex.o
START GROUP
LOAD c:/st/stm32cubeide_1.9.0/stm32cubeide/plugins/com.st.stm32cube.ide.mcu.externaltools.gnu-tools-for-stm32.10.3-2021.10.win32_1.0.0.202111181127/tools/bin/../lib/gcc/arm-none-eabi/10.3.1/../../../../arm-none-eabi/lib/thumb/v7-m/nofp\libc_nano.a
LOAD c:/st/stm32cubeide_1.9.0/stm32cubeide/plugins/com.st.stm32cube.ide.mcu.externaltools.gnu-tools-for-stm32.10.3-2021.10.win32_1.0.0.202111181127/tools/bin/../lib/gcc/arm-none-eabi/10.3.1/../../../../arm-none-eabi/lib/thumb/v7-m/nofp\libm.a
END GROUP
START GROUP
LOAD c:/st/stm32cubeide_1.9.0/stm32cubeide/plugins/com.st.stm32cube.ide.mcu.externaltools.gnu-tools-for-stm32.10.3-2021.10.win32_1.0.0.202111181127/tools/bin/../lib/gcc/arm-none-eabi/10.3.1/thumb/v7-m/nofp\libgcc.a
LOAD c:/st/stm32cubeide_1.9.0/stm32cubeide/plugins/com.st.stm32cube.ide.mcu.externaltools.gnu-tools-for-stm32.10.3-2021.10.win32_1.0.0.202111181127/tools/bin/../lib/gcc/arm-none-eabi/10.3.1/../../../../arm-none-eabi/lib/thumb/v7-m/nofp\libc_nano.a
END GROUP
START GROUP
LOAD c:/st/stm32cubeide_1.9.0/stm32cubeide/plugins/com.st.stm32cube.ide.mcu.externaltools.gnu-tools-for-stm32.10.3-2021.10.win32_1.0.0.202111181127/tools/bin/../lib/gcc/arm-none-eabi/10.3.1/thumb/v7-m/nofp\libgcc.a
LOAD c:/st/stm32cubeide_1.9.0/stm32cubeide/plugins/com.st.stm32cube.ide.mcu.externaltools.gnu-tools-for-stm32.10.3-2021.10.win32_1.0.0.202111181127/tools/bin/../lib/gcc/arm-none-eabi/10.3.1/../../../../arm-none-eabi/lib/thumb/v7-m/nofp\libc_nano.a
LOAD c:/st/stm32cubeide_1.9.0/stm32cubeide/plugins/com.st.stm32cube.ide.mcu.externaltools.gnu-tools-for-stm32.10.3-2021.10.win32_1.0.0.202111181127/tools/bin/../lib/gcc/arm-none-eabi/10.3.1/../../../../arm-none-eabi/lib/thumb/v7-m/nofp\libnosys.a
END GROUP
START GROUP
LOAD c:/st/stm32cubeide_1.9.0/stm32cubeide/plugins/com.st.stm32cube.ide.mcu.externaltools.gnu-tools-for-stm32.10.3-2021.10.win32_1.0.0.202111181127/tools/bin/../lib/gcc/arm-none-eabi/10.3.1/thumb/v7-m/nofp\libgcc.a
LOAD c:/st/stm32cubeide_1.9.0/stm32cubeide/plugins/com.st.stm32cube.ide.mcu.externaltools.gnu-tools-for-stm32.10.3-2021.10.win32_1.0.0.202111181127/tools/bin/../lib/gcc/arm-none-eabi/10.3.1/../../../../arm-none-eabi/lib/thumb/v7-m/nofp\libc_nano.a
LOAD c:/st/stm32cubeide_1.9.0/stm32cubeide/plugins/com.st.stm32cube.ide.mcu.externaltools.gnu-tools-for-stm32.10.3-2021.10.win32_1.0.0.202111181127/tools/bin/../lib/gcc/arm-none-eabi/10.3.1/../../../../arm-none-eabi/lib/thumb/v7-m/nofp\libnosys.a
END GROUP
LOAD c:/st/stm32cubeide_1.9.0/stm32cubeide/plugins/com.st.stm32cube.ide.mcu.externaltools.gnu-tools-for-stm32.10.3-2021.10.win32_1.0.0.202111181127/tools/bin/../lib/gcc/arm-none-eabi/10.3.1/thumb/v7-m/nofp/crtend.o
LOAD c:/st/stm32cubeide_1.9.0/stm32cubeide/plugins/com.st.stm32cube.ide.mcu.externaltools.gnu-tools-for-stm32.10.3-2021.10.win32_1.0.0.202111181127/tools/bin/../lib/gcc/arm-none-eabi/10.3.1/thumb/v7-m/nofp/crtn.o
                0x0000000020005000                _estack = (ORIGIN (RAM) + LENGTH (RAM))
                0x0000000000000200                _Min_Heap_Size = 0x200
                0x0000000000000400                _Min_Stack_Size = 0x400

.isr_vector     0x0000000008000000      0x10c
                0x0000000008000000                . = ALIGN (0x4)
 *(.isr_vector)
 .isr_vector    0x0000000008000000      0x10c ./Application/User/Startup/startup_stm32f103rbtx.o
                0x0000000008000000                g_pfnVectors
                0x000000000800010c                . = ALIGN (0x4)

.text           0x000000000800010c     0x1894
                0x000000000800010c                . = ALIGN (0x4)
 *(.text)
 .text          0x000000000800010c       0x40 c:/st/stm32cubeide_1.9.0/stm32cubeide/plugins/com.st.stm32cube.ide.mcu.externaltools.gnu-tools-for-stm32.10.3-2021.10.win32_1.0.0.202111181127/tools/bin/../lib/gcc/arm-none-eabi/10.3.1/thumb/v7-m/nofp/crtbegin.o
 *(.text*)
 .text.delay_us
                0x000000000800014c       0x30 ./Application/User/Core/main.o
                0x000000000800014c                delay_us
 .text.main     0x000000000800017c      0x14c ./Application/User/Core/main.o
                0x000000000800017c                main
 .text.SystemClock_Config
                0x00000000080002c8       0x82 ./Application/User/Core/main.o
                0x00000000080002c8                SystemClock_Config
 *fill*         0x000000000800034a        0x2 
 .text.MX_TIM1_Init
                0x000000000800034c       0xa0 ./Application/User/Core/main.o
 .text.MX_GPIO_Init
                0x00000000080003ec       0xac ./Application/User/Core/main.o
 .text.Error_Handler
                0x0000000008000498        0xa ./Application/User/Core/main.o
                0x0000000008000498                Error_Handler
 *fill*         0x00000000080004a2        0x2 
 .text.HAL_MspInit
                0x00000000080004a4       0x64 ./Application/User/Core/stm32f1xx_hal_msp.o
                0x00000000080004a4                HAL_MspInit
 .text.HAL_TIM_Base_MspInit
                0x0000000008000508       0x3c ./Application/User/Core/stm32f1xx_hal_msp.o
                0x0000000008000508                HAL_TIM_Base_MspInit
 .text.NMI_Handler
                0x0000000008000544        0x6 ./Application/User/Core/stm32f1xx_it.o
                0x0000000008000544                NMI_Handler
 .text.HardFault_Handler
                0x000000000800054a        0x6 ./Application/User/Core/stm32f1xx_it.o
                0x000000000800054a                HardFault_Handler
 .text.MemManage_Handler
                0x0000000008000550        0x6 ./Application/User/Core/stm32f1xx_it.o
                0x0000000008000550                MemManage_Handler
 .text.BusFault_Handler
                0x0000000008000556        0x6 ./Application/User/Core/stm32f1xx_it.o
                0x0000000008000556                BusFault_Handler
 .text.UsageFault_Handler
                0x000000000800055c        0x6 ./Application/User/Core/stm32f1xx_it.o
                0x000000000800055c                UsageFault_Handler
 .text.SVC_Handler
                0x0000000008000562        0xc ./Application/User/Core/stm32f1xx_it.o
                0x0000000008000562                SVC_Handler
 .text.DebugMon_Handler
                0x000000000800056e        0xc ./Application/User/Core/stm32f1xx_it.o
                0x000000000800056e                DebugMon_Handler
 .text.PendSV_Handler
                0x000000000800057a        0xc ./Application/User/Core/stm32f1xx_it.o
                0x000000000800057a                PendSV_Handler
 .text.SysTick_Handler
                0x0000000008000586        0xc ./Application/User/Core/stm32f1xx_it.o
                0x0000000008000586                SysTick_Handler
 *fill*         0x0000000008000592        0x2 
 .text.Reset_Handler
                0x0000000008000594       0x48 ./Application/User/Startup/startup_stm32f103rbtx.o
                0x0000000008000594                Reset_Handler
 .text.Default_Handler
                0x00000000080005dc        0x2 ./Application/User/Startup/startup_stm32f103rbtx.o
                0x00000000080005dc                RTC_Alarm_IRQHandler
                0x00000000080005dc                EXTI2_IRQHandler
                0x00000000080005dc                TIM1_CC_IRQHandler
                0x00000000080005dc                PVD_IRQHandler
                0x00000000080005dc                EXTI3_IRQHandler
                0x00000000080005dc                EXTI0_IRQHandler
                0x00000000080005dc                I2C2_EV_IRQHandler
                0x00000000080005dc                ADC1_2_IRQHandler
                0x00000000080005dc                SPI1_IRQHandler
                0x00000000080005dc                TAMPER_IRQHandler
                0x00000000080005dc                DMA1_Channel4_IRQHandler
                0x00000000080005dc                USART3_IRQHandler
                0x00000000080005dc                RTC_IRQHandler
                0x00000000080005dc                DMA1_Channel7_IRQHandler
                0x00000000080005dc                CAN1_RX1_IRQHandler
                0x00000000080005dc                TIM4_IRQHandler
                0x00000000080005dc                I2C1_EV_IRQHandler
                0x00000000080005dc                DMA1_Channel6_IRQHandler
                0x00000000080005dc                TIM3_IRQHandler
                0x00000000080005dc                RCC_IRQHandler
                0x00000000080005dc                TIM1_TRG_COM_IRQHandler
                0x00000000080005dc                DMA1_Channel1_IRQHandler
                0x00000000080005dc                Default_Handler
                0x00000000080005dc                EXTI15_10_IRQHandler
                0x00000000080005dc                EXTI9_5_IRQHandler
                0x00000000080005dc                SPI2_IRQHandler
                0x00000000080005dc                DMA1_Channel5_IRQHandler
                0x00000000080005dc                EXTI4_IRQHandler
                0x00000000080005dc                USB_LP_CAN1_RX0_IRQHandler
                0x00000000080005dc                USB_HP_CAN1_TX_IRQHandler
                0x00000000080005dc                DMA1_Channel3_IRQHandler
                0x00000000080005dc                TIM1_UP_IRQHandler
                0x00000000080005dc                WWDG_IRQHandler
                0x00000000080005dc                TIM2_IRQHandler
                0x00000000080005dc                TIM1_BRK_IRQHandler
                0x00000000080005dc                EXTI1_IRQHandler
                0x00000000080005dc                USART2_IRQHandler
                0x00000000080005dc                I2C2_ER_IRQHandler
                0x00000000080005dc                DMA1_Channel2_IRQHandler
                0x00000000080005dc                CAN1_SCE_IRQHandler
                0x00000000080005dc                FLASH_IRQHandler
                0x00000000080005dc                USART1_IRQHandler
                0x00000000080005dc                I2C1_ER_IRQHandler
                0x00000000080005dc                USBWakeUp_IRQHandler
 .text.SystemInit
                0x00000000080005de        0xc ./Drivers/CMSIS/system_stm32f1xx.o
                0x00000000080005de                SystemInit
 *fill*         0x00000000080005ea        0x2 
 .text.HAL_Init
                0x00000000080005ec       0x2c ./Drivers/STM32F1xx_HAL_Driver/stm32f1xx_hal.o
                0x00000000080005ec                HAL_Init
 .text.HAL_InitTick
                0x0000000008000618       0x60 ./Drivers/STM32F1xx_HAL_Driver/stm32f1xx_hal.o
                0x0000000008000618                HAL_InitTick
 .text.HAL_IncTick
                0x0000000008000678       0x24 ./Drivers/STM32F1xx_HAL_Driver/stm32f1xx_hal.o
                0x0000000008000678                HAL_IncTick
 .text.HAL_GetTick
                0x000000000800069c       0x14 ./Drivers/STM32F1xx_HAL_Driver/stm32f1xx_hal.o
                0x000000000800069c                HAL_GetTick
 .text.HAL_Delay
                0x00000000080006b0       0x48 ./Drivers/STM32F1xx_HAL_Driver/stm32f1xx_hal.o
                0x00000000080006b0                HAL_Delay
 .text.__NVIC_SetPriorityGrouping
                0x00000000080006f8       0x48 ./Drivers/STM32F1xx_HAL_Driver/stm32f1xx_hal_cortex.o
 .text.__NVIC_GetPriorityGrouping
                0x0000000008000740       0x1c ./Drivers/STM32F1xx_HAL_Driver/stm32f1xx_hal_cortex.o
 .text.__NVIC_SetPriority
                0x000000000800075c       0x54 ./Drivers/STM32F1xx_HAL_Driver/stm32f1xx_hal_cortex.o
 .text.NVIC_EncodePriority
                0x00000000080007b0       0x64 ./Drivers/STM32F1xx_HAL_Driver/stm32f1xx_hal_cortex.o
 .text.SysTick_Config
                0x0000000008000814       0x44 ./Drivers/STM32F1xx_HAL_Driver/stm32f1xx_hal_cortex.o
 .text.HAL_NVIC_SetPriorityGrouping
                0x0000000008000858       0x16 ./Drivers/STM32F1xx_HAL_Driver/stm32f1xx_hal_cortex.o
                0x0000000008000858                HAL_NVIC_SetPriorityGrouping
 .text.HAL_NVIC_SetPriority
                0x000000000800086e       0x38 ./Drivers/STM32F1xx_HAL_Driver/stm32f1xx_hal_cortex.o
                0x000000000800086e                HAL_NVIC_SetPriority
 .text.HAL_SYSTICK_Config
                0x00000000080008a6       0x18 ./Drivers/STM32F1xx_HAL_Driver/stm32f1xx_hal_cortex.o
                0x00000000080008a6                HAL_SYSTICK_Config
 *fill*         0x00000000080008be        0x2 
 .text.HAL_GPIO_Init
                0x00000000080008c0      0x308 ./Drivers/STM32F1xx_HAL_Driver/stm32f1xx_hal_gpio.o
                0x00000000080008c0                HAL_GPIO_Init
 .text.HAL_GPIO_WritePin
                0x0000000008000bc8       0x30 ./Drivers/STM32F1xx_HAL_Driver/stm32f1xx_hal_gpio.o
                0x0000000008000bc8                HAL_GPIO_WritePin
 .text.HAL_RCC_OscConfig
                0x0000000008000bf8      0x504 ./Drivers/STM32F1xx_HAL_Driver/stm32f1xx_hal_rcc.o
                0x0000000008000bf8                HAL_RCC_OscConfig
 .text.HAL_RCC_ClockConfig
                0x00000000080010fc      0x1d4 ./Drivers/STM32F1xx_HAL_Driver/stm32f1xx_hal_rcc.o
                0x00000000080010fc                HAL_RCC_ClockConfig
 .text.HAL_RCC_GetSysClockFreq
                0x00000000080012d0       0xbc ./Drivers/STM32F1xx_HAL_Driver/stm32f1xx_hal_rcc.o
                0x00000000080012d0                HAL_RCC_GetSysClockFreq
 .text.RCC_Delay
                0x000000000800138c       0x3c ./Drivers/STM32F1xx_HAL_Driver/stm32f1xx_hal_rcc.o
 .text.HAL_TIM_Base_Init
                0x00000000080013c8       0x9e ./Drivers/STM32F1xx_HAL_Driver/stm32f1xx_hal_tim.o
                0x00000000080013c8                HAL_TIM_Base_Init
 *fill*         0x0000000008001466        0x2 
 .text.HAL_TIM_Base_Start
                0x0000000008001468       0x94 ./Drivers/STM32F1xx_HAL_Driver/stm32f1xx_hal_tim.o
                0x0000000008001468                HAL_TIM_Base_Start
 .text.HAL_TIM_ConfigClockSource
                0x00000000080014fc      0x188 ./Drivers/STM32F1xx_HAL_Driver/stm32f1xx_hal_tim.o
                0x00000000080014fc                HAL_TIM_ConfigClockSource
 .text.TIM_Base_SetConfig
                0x0000000008001684       0xc4 ./Drivers/STM32F1xx_HAL_Driver/stm32f1xx_hal_tim.o
                0x0000000008001684                TIM_Base_SetConfig
 .text.TIM_TI1_ConfigInputStage
                0x0000000008001748       0x5c ./Drivers/STM32F1xx_HAL_Driver/stm32f1xx_hal_tim.o
 .text.TIM_TI2_ConfigInputStage
                0x00000000080017a4       0x5e ./Drivers/STM32F1xx_HAL_Driver/stm32f1xx_hal_tim.o
 .text.TIM_ITRx_SetConfig
                0x0000000008001802       0x34 ./Drivers/STM32F1xx_HAL_Driver/stm32f1xx_hal_tim.o
 .text.TIM_ETR_SetConfig
                0x0000000008001836       0x3e ./Drivers/STM32F1xx_HAL_Driver/stm32f1xx_hal_tim.o
                0x0000000008001836                TIM_ETR_SetConfig
 .text.HAL_TIMEx_MasterConfigSynchronization
                0x0000000008001874       0xbc ./Drivers/STM32F1xx_HAL_Driver/stm32f1xx_hal_tim_ex.o
                0x0000000008001874                HAL_TIMEx_MasterConfigSynchronization
 .text.__libc_init_array
                0x0000000008001930       0x48 c:/st/stm32cubeide_1.9.0/stm32cubeide/plugins/com.st.stm32cube.ide.mcu.externaltools.gnu-tools-for-stm32.10.3-2021.10.win32_1.0.0.202111181127/tools/bin/../lib/gcc/arm-none-eabi/10.3.1/../../../../arm-none-eabi/lib/thumb/v7-m/nofp\libc_nano.a(lib_a-init.o)
                0x0000000008001930                __libc_init_array
 .text.memset   0x0000000008001978       0x10 c:/st/stm32cubeide_1.9.0/stm32cubeide/plugins/com.st.stm32cube.ide.mcu.externaltools.gnu-tools-for-stm32.10.3-2021.10.win32_1.0.0.202111181127/tools/bin/../lib/gcc/arm-none-eabi/10.3.1/../../../../arm-none-eabi/lib/thumb/v7-m/nofp\libc_nano.a(lib_a-memset.o)
                0x0000000008001978                memset
 *(.glue_7)
 .glue_7        0x0000000008001988        0x0 linker stubs
 *(.glue_7t)
 .glue_7t       0x0000000008001988        0x0 linker stubs
 *(.eh_frame)
 .eh_frame      0x0000000008001988        0x0 c:/st/stm32cubeide_1.9.0/stm32cubeide/plugins/com.st.stm32cube.ide.mcu.externaltools.gnu-tools-for-stm32.10.3-2021.10.win32_1.0.0.202111181127/tools/bin/../lib/gcc/arm-none-eabi/10.3.1/thumb/v7-m/nofp/crtbegin.o
 *(.init)
 .init          0x0000000008001988        0x4 c:/st/stm32cubeide_1.9.0/stm32cubeide/plugins/com.st.stm32cube.ide.mcu.externaltools.gnu-tools-for-stm32.10.3-2021.10.win32_1.0.0.202111181127/tools/bin/../lib/gcc/arm-none-eabi/10.3.1/thumb/v7-m/nofp/crti.o
                0x0000000008001988                _init
 .init          0x000000000800198c        0x8 c:/st/stm32cubeide_1.9.0/stm32cubeide/plugins/com.st.stm32cube.ide.mcu.externaltools.gnu-tools-for-stm32.10.3-2021.10.win32_1.0.0.202111181127/tools/bin/../lib/gcc/arm-none-eabi/10.3.1/thumb/v7-m/nofp/crtn.o
 *(.fini)
 .fini          0x0000000008001994        0x4 c:/st/stm32cubeide_1.9.0/stm32cubeide/plugins/com.st.stm32cube.ide.mcu.externaltools.gnu-tools-for-stm32.10.3-2021.10.win32_1.0.0.202111181127/tools/bin/../lib/gcc/arm-none-eabi/10.3.1/thumb/v7-m/nofp/crti.o
                0x0000000008001994                _fini
 .fini          0x0000000008001998        0x8 c:/st/stm32cubeide_1.9.0/stm32cubeide/plugins/com.st.stm32cube.ide.mcu.externaltools.gnu-tools-for-stm32.10.3-2021.10.win32_1.0.0.202111181127/tools/bin/../lib/gcc/arm-none-eabi/10.3.1/thumb/v7-m/nofp/crtn.o
                0x00000000080019a0                . = ALIGN (0x4)
                0x00000000080019a0                _etext = .

.vfp11_veneer   0x00000000080019a0        0x0
 .vfp11_veneer  0x00000000080019a0        0x0 linker stubs

.v4_bx          0x00000000080019a0        0x0
 .v4_bx         0x00000000080019a0        0x0 linker stubs

.iplt           0x00000000080019a0        0x0
 .iplt          0x00000000080019a0        0x0 c:/st/stm32cubeide_1.9.0/stm32cubeide/plugins/com.st.stm32cube.ide.mcu.externaltools.gnu-tools-for-stm32.10.3-2021.10.win32_1.0.0.202111181127/tools/bin/../lib/gcc/arm-none-eabi/10.3.1/thumb/v7-m/nofp/crtbegin.o

.rodata         0x00000000080019a0       0x60
                0x00000000080019a0                . = ALIGN (0x4)
 *(.rodata)
 .rodata        0x00000000080019a0       0x40 ./Application/User/Core/main.o
 .rodata        0x00000000080019e0       0x10 ./Drivers/STM32F1xx_HAL_Driver/stm32f1xx_hal_rcc.o
 *(.rodata*)
 .rodata.AHBPrescTable
                0x00000000080019f0       0x10 ./Drivers/CMSIS/system_stm32f1xx.o
                0x00000000080019f0                AHBPrescTable
                0x0000000008001a00                . = ALIGN (0x4)

.rel.dyn        0x0000000008001a00        0x0
 .rel.iplt      0x0000000008001a00        0x0 c:/st/stm32cubeide_1.9.0/stm32cubeide/plugins/com.st.stm32cube.ide.mcu.externaltools.gnu-tools-for-stm32.10.3-2021.10.win32_1.0.0.202111181127/tools/bin/../lib/gcc/arm-none-eabi/10.3.1/thumb/v7-m/nofp/crtbegin.o

.ARM.extab      0x0000000008001a00        0x0
                0x0000000008001a00                . = ALIGN (0x4)
 *(.ARM.extab* .gnu.linkonce.armextab.*)
                0x0000000008001a00                . = ALIGN (0x4)

.ARM            0x0000000008001a00        0x0
                0x0000000008001a00                . = ALIGN (0x4)
                0x0000000008001a00                __exidx_start = .
 *(.ARM.exidx*)
                0x0000000008001a00                __exidx_end = .
                0x0000000008001a00                . = ALIGN (0x4)

.preinit_array  0x0000000008001a00        0x0
                0x0000000008001a00                . = ALIGN (0x4)
                0x0000000008001a00                PROVIDE (__preinit_array_start = .)
 *(.preinit_array*)
                0x0000000008001a00                PROVIDE (__preinit_array_end = .)
                0x0000000008001a00                . = ALIGN (0x4)

.init_array     0x0000000008001a00        0x4
                0x0000000008001a00                . = ALIGN (0x4)
                0x0000000008001a00                PROVIDE (__init_array_start = .)
 *(SORT_BY_NAME(.init_array.*))
 *(.init_array*)
 .init_array    0x0000000008001a00        0x4 c:/st/stm32cubeide_1.9.0/stm32cubeide/plugins/com.st.stm32cube.ide.mcu.externaltools.gnu-tools-for-stm32.10.3-2021.10.win32_1.0.0.202111181127/tools/bin/../lib/gcc/arm-none-eabi/10.3.1/thumb/v7-m/nofp/crtbegin.o
                0x0000000008001a04                PROVIDE (__init_array_end = .)
                0x0000000008001a04                . = ALIGN (0x4)

.fini_array     0x0000000008001a04        0x4
                0x0000000008001a04                . = ALIGN (0x4)
                [!provide]                        PROVIDE (__fini_array_start = .)
 *(SORT_BY_NAME(.fini_array.*))
 *(.fini_array*)
 .fini_array    0x0000000008001a04        0x4 c:/st/stm32cubeide_1.9.0/stm32cubeide/plugins/com.st.stm32cube.ide.mcu.externaltools.gnu-tools-for-stm32.10.3-2021.10.win32_1.0.0.202111181127/tools/bin/../lib/gcc/arm-none-eabi/10.3.1/thumb/v7-m/nofp/crtbegin.o
                [!provide]                        PROVIDE (__fini_array_end = .)
                0x0000000008001a08                . = ALIGN (0x4)
                0x0000000008001a08                _sidata = LOADADDR (.data)

.data           0x0000000020000000        0xc load address 0x0000000008001a08
                0x0000000020000000                . = ALIGN (0x4)
                0x0000000020000000                _sdata = .
 *(.data)
 *(.data*)
 .data.SystemCoreClock
                0x0000000020000000        0x4 ./Drivers/CMSIS/system_stm32f1xx.o
                0x0000000020000000                SystemCoreClock
 .data.uwTickPrio
                0x0000000020000004        0x4 ./Drivers/STM32F1xx_HAL_Driver/stm32f1xx_hal.o
                0x0000000020000004                uwTickPrio
 .data.uwTickFreq
                0x0000000020000008        0x1 ./Drivers/STM32F1xx_HAL_Driver/stm32f1xx_hal.o
                0x0000000020000008                uwTickFreq
 *(.RamFunc)
 *(.RamFunc*)
                0x000000002000000c                . = ALIGN (0x4)
 *fill*         0x0000000020000009        0x3 
                0x000000002000000c                _edata = .

.igot.plt       0x000000002000000c        0x0 load address 0x0000000008001a14
 .igot.plt      0x000000002000000c        0x0 c:/st/stm32cubeide_1.9.0/stm32cubeide/plugins/com.st.stm32cube.ide.mcu.externaltools.gnu-tools-for-stm32.10.3-2021.10.win32_1.0.0.202111181127/tools/bin/../lib/gcc/arm-none-eabi/10.3.1/thumb/v7-m/nofp/crtbegin.o
                0x000000002000000c                . = ALIGN (0x4)

.bss            0x000000002000000c       0x68 load address 0x0000000008001a14
                0x000000002000000c                _sbss = .
                0x000000002000000c                __bss_start__ = _sbss
 *(.bss)
 .bss           0x000000002000000c       0x1c c:/st/stm32cubeide_1.9.0/stm32cubeide/plugins/com.st.stm32cube.ide.mcu.externaltools.gnu-tools-for-stm32.10.3-2021.10.win32_1.0.0.202111181127/tools/bin/../lib/gcc/arm-none-eabi/10.3.1/thumb/v7-m/nofp/crtbegin.o
 *(.bss*)
 .bss.htim1     0x0000000020000028       0x48 ./Application/User/Core/main.o
                0x0000000020000028                htim1
 .bss.uwTick    0x0000000020000070        0x4 ./Drivers/STM32F1xx_HAL_Driver/stm32f1xx_hal.o
                0x0000000020000070                uwTick
 *(COMMON)
                0x0000000020000074                . = ALIGN (0x4)
                0x0000000020000074                _ebss = .
                0x0000000020000074                __bss_end__ = _ebss

._user_heap_stack
                0x0000000020000074      0x604 load address 0x0000000008001a14
                0x0000000020000078                . = ALIGN (0x8)
 *fill*         0x0000000020000074        0x4 
                [!provide]                        PROVIDE (end = .)
                0x0000000020000078                PROVIDE (_end = .)
                0x0000000020000278                . = (. + _Min_Heap_Size)
 *fill*         0x0000000020000078      0x200 
                0x0000000020000678                . = (. + _Min_Stack_Size)
 *fill*         0x0000000020000278      0x400 
                0x0000000020000678                . = ALIGN (0x8)

/DISCARD/
 libc.a(*)
 libm.a(*)
 libgcc.a(*)

.ARM.attributes
                0x0000000000000000       0x29
 *(.ARM.attributes)
 .ARM.attributes
                0x0000000000000000       0x1d c:/st/stm32cubeide_1.9.0/stm32cubeide/plugins/com.st.stm32cube.ide.mcu.externaltools.gnu-tools-for-stm32.10.3-2021.10.win32_1.0.0.202111181127/tools/bin/../lib/gcc/arm-none-eabi/10.3.1/thumb/v7-m/nofp/crti.o
 .ARM.attributes
                0x000000000000001d       0x2d c:/st/stm32cubeide_1.9.0/stm32cubeide/plugins/com.st.stm32cube.ide.mcu.externaltools.gnu-tools-for-stm32.10.3-2021.10.win32_1.0.0.202111181127/tools/bin/../lib/gcc/arm-none-eabi/10.3.1/thumb/v7-m/nofp/crtbegin.o
 .ARM.attributes
                0x000000000000004a       0x2d ./Application/User/Core/main.o
 .ARM.attributes
                0x0000000000000077       0x2d ./Application/User/Core/stm32f1xx_hal_msp.o
 .ARM.attributes
                0x00000000000000a4       0x2d ./Application/User/Core/stm32f1xx_it.o
 .ARM.attributes
                0x00000000000000d1       0x21 ./Application/User/Startup/startup_stm32f103rbtx.o
 .ARM.attributes
                0x00000000000000f2       0x2d ./Drivers/CMSIS/system_stm32f1xx.o
 .ARM.attributes
                0x000000000000011f       0x2d ./Drivers/STM32F1xx_HAL_Driver/stm32f1xx_hal.o
 .ARM.attributes
                0x000000000000014c       0x2d ./Drivers/STM32F1xx_HAL_Driver/stm32f1xx_hal_cortex.o
 .ARM.attributes
                0x0000000000000179       0x2d ./Drivers/STM32F1xx_HAL_Driver/stm32f1xx_hal_gpio.o
 .ARM.attributes
                0x00000000000001a6       0x2d ./Drivers/STM32F1xx_HAL_Driver/stm32f1xx_hal_rcc.o
 .ARM.attributes
                0x00000000000001d3       0x2d ./Drivers/STM32F1xx_HAL_Driver/stm32f1xx_hal_tim.o
 .ARM.attributes
                0x0000000000000200       0x2d ./Drivers/STM32F1xx_HAL_Driver/stm32f1xx_hal_tim_ex.o
 .ARM.attributes
                0x000000000000022d       0x2d c:/st/stm32cubeide_1.9.0/stm32cubeide/plugins/com.st.stm32cube.ide.mcu.externaltools.gnu-tools-for-stm32.10.3-2021.10.win32_1.0.0.202111181127/tools/bin/../lib/gcc/arm-none-eabi/10.3.1/../../../../arm-none-eabi/lib/thumb/v7-m/nofp\libc_nano.a(lib_a-init.o)
 .ARM.attributes
                0x000000000000025a       0x2d c:/st/stm32cubeide_1.9.0/stm32cubeide/plugins/com.st.stm32cube.ide.mcu.externaltools.gnu-tools-for-stm32.10.3-2021.10.win32_1.0.0.202111181127/tools/bin/../lib/gcc/arm-none-eabi/10.3.1/../../../../arm-none-eabi/lib/thumb/v7-m/nofp\libc_nano.a(lib_a-memset.o)
 .ARM.attributes
                0x0000000000000287       0x1d c:/st/stm32cubeide_1.9.0/stm32cubeide/plugins/com.st.stm32cube.ide.mcu.externaltools.gnu-tools-for-stm32.10.3-2021.10.win32_1.0.0.202111181127/tools/bin/../lib/gcc/arm-none-eabi/10.3.1/thumb/v7-m/nofp/crtn.o
OUTPUT(DOT_Matrix.elf elf32-littlearm)
LOAD linker stubs
LOAD c:/st/stm32cubeide_1.9.0/stm32cubeide/plugins/com.st.stm32cube.ide.mcu.externaltools.gnu-tools-for-stm32.10.3-2021.10.win32_1.0.0.202111181127/tools/bin/../lib/gcc/arm-none-eabi/10.3.1/../../../../arm-none-eabi/lib/thumb/v7-m/nofp\libc.a
LOAD c:/st/stm32cubeide_1.9.0/stm32cubeide/plugins/com.st.stm32cube.ide.mcu.externaltools.gnu-tools-for-stm32.10.3-2021.10.win32_1.0.0.202111181127/tools/bin/../lib/gcc/arm-none-eabi/10.3.1/../../../../arm-none-eabi/lib/thumb/v7-m/nofp\libm.a
LOAD c:/st/stm32cubeide_1.9.0/stm32cubeide/plugins/com.st.stm32cube.ide.mcu.externaltools.gnu-tools-for-stm32.10.3-2021.10.win32_1.0.0.202111181127/tools/bin/../lib/gcc/arm-none-eabi/10.3.1/thumb/v7-m/nofp\libgcc.a

.debug_info     0x0000000000000000     0x776b
 .debug_info    0x0000000000000000      0xc41 ./Application/User/Core/main.o
 .debug_info    0x0000000000000c41      0x7ef ./Application/User/Core/stm32f1xx_hal_msp.o
 .debug_info    0x0000000000001430      0x122 ./Application/User/Core/stm32f1xx_it.o
 .debug_info    0x0000000000001552       0x22 ./Application/User/Startup/startup_stm32f103rbtx.o
 .debug_info    0x0000000000001574      0x23d ./Drivers/CMSIS/system_stm32f1xx.o
 .debug_info    0x00000000000017b1      0x734 ./Drivers/STM32F1xx_HAL_Driver/stm32f1xx_hal.o
 .debug_info    0x0000000000001ee5      0xb20 ./Drivers/STM32F1xx_HAL_Driver/stm32f1xx_hal_cortex.o
 .debug_info    0x0000000000002a05      0x615 ./Drivers/STM32F1xx_HAL_Driver/stm32f1xx_hal_gpio.o
 .debug_info    0x000000000000301a      0x860 ./Drivers/STM32F1xx_HAL_Driver/stm32f1xx_hal_rcc.o
 .debug_info    0x000000000000387a     0x29de ./Drivers/STM32F1xx_HAL_Driver/stm32f1xx_hal_tim.o
 .debug_info    0x0000000000006258     0x1513 ./Drivers/STM32F1xx_HAL_Driver/stm32f1xx_hal_tim_ex.o

.debug_abbrev   0x0000000000000000     0x1415
 .debug_abbrev  0x0000000000000000      0x2c6 ./Application/User/Core/main.o
 .debug_abbrev  0x00000000000002c6      0x181 ./Application/User/Core/stm32f1xx_hal_msp.o
 .debug_abbrev  0x0000000000000447       0x74 ./Application/User/Core/stm32f1xx_it.o
 .debug_abbrev  0x00000000000004bb       0x12 ./Application/User/Startup/startup_stm32f103rbtx.o
 .debug_abbrev  0x00000000000004cd      0x13b ./Drivers/CMSIS/system_stm32f1xx.o
 .debug_abbrev  0x0000000000000608      0x1fb ./Drivers/STM32F1xx_HAL_Driver/stm32f1xx_hal.o
 .debug_abbrev  0x0000000000000803      0x2ed ./Drivers/STM32F1xx_HAL_Driver/stm32f1xx_hal_cortex.o
 .debug_abbrev  0x0000000000000af0      0x1bb ./Drivers/STM32F1xx_HAL_Driver/stm32f1xx_hal_gpio.o
 .debug_abbrev  0x0000000000000cab      0x2a8 ./Drivers/STM32F1xx_HAL_Driver/stm32f1xx_hal_rcc.o
 .debug_abbrev  0x0000000000000f53      0x25d ./Drivers/STM32F1xx_HAL_Driver/stm32f1xx_hal_tim.o
 .debug_abbrev  0x00000000000011b0      0x265 ./Drivers/STM32F1xx_HAL_Driver/stm32f1xx_hal_tim_ex.o

.debug_aranges  0x0000000000000000      0x928
 .debug_aranges
                0x0000000000000000       0x48 ./Application/User/Core/main.o
 .debug_aranges
                0x0000000000000048       0x30 ./Application/User/Core/stm32f1xx_hal_msp.o
 .debug_aranges
                0x0000000000000078       0x60 ./Application/User/Core/stm32f1xx_it.o
 .debug_aranges
                0x00000000000000d8       0x28 ./Application/User/Startup/startup_stm32f103rbtx.o
 .debug_aranges
                0x0000000000000100       0x28 ./Drivers/CMSIS/system_stm32f1xx.o
 .debug_aranges
                0x0000000000000128       0xe0 ./Drivers/STM32F1xx_HAL_Driver/stm32f1xx_hal.o
 .debug_aranges
                0x0000000000000208      0x100 ./Drivers/STM32F1xx_HAL_Driver/stm32f1xx_hal_cortex.o
 .debug_aranges
                0x0000000000000308       0x58 ./Drivers/STM32F1xx_HAL_Driver/stm32f1xx_hal_gpio.o
 .debug_aranges
                0x0000000000000360       0x90 ./Drivers/STM32F1xx_HAL_Driver/stm32f1xx_hal_rcc.o
 .debug_aranges
                0x00000000000003f0      0x3d0 ./Drivers/STM32F1xx_HAL_Driver/stm32f1xx_hal_tim.o
 .debug_aranges
                0x00000000000007c0      0x168 ./Drivers/STM32F1xx_HAL_Driver/stm32f1xx_hal_tim_ex.o

.debug_ranges   0x0000000000000000      0x880
 .debug_ranges  0x0000000000000000       0x38 ./Application/User/Core/main.o
 .debug_ranges  0x0000000000000038       0x20 ./Application/User/Core/stm32f1xx_hal_msp.o
 .debug_ranges  0x0000000000000058       0x50 ./Application/User/Core/stm32f1xx_it.o
 .debug_ranges  0x00000000000000a8       0x20 ./Application/User/Startup/startup_stm32f103rbtx.o
 .debug_ranges  0x00000000000000c8       0x18 ./Drivers/CMSIS/system_stm32f1xx.o
 .debug_ranges  0x00000000000000e0       0xd0 ./Drivers/STM32F1xx_HAL_Driver/stm32f1xx_hal.o
 .debug_ranges  0x00000000000001b0       0xf0 ./Drivers/STM32F1xx_HAL_Driver/stm32f1xx_hal_cortex.o
 .debug_ranges  0x00000000000002a0       0x48 ./Drivers/STM32F1xx_HAL_Driver/stm32f1xx_hal_gpio.o
 .debug_ranges  0x00000000000002e8       0x80 ./Drivers/STM32F1xx_HAL_Driver/stm32f1xx_hal_rcc.o
 .debug_ranges  0x0000000000000368      0x3c0 ./Drivers/STM32F1xx_HAL_Driver/stm32f1xx_hal_tim.o
 .debug_ranges  0x0000000000000728      0x158 ./Drivers/STM32F1xx_HAL_Driver/stm32f1xx_hal_tim_ex.o

.debug_macro    0x0000000000000000    0x16559
 .debug_macro   0x0000000000000000      0x1a3 ./Application/User/Core/main.o
 .debug_macro   0x00000000000001a3      0xa6c ./Application/User/Core/main.o
 .debug_macro   0x0000000000000c0f      0x215 ./Application/User/Core/main.o
 .debug_macro   0x0000000000000e24       0x2e ./Application/User/Core/main.o
 .debug_macro   0x0000000000000e52       0x22 ./Application/User/Core/main.o
 .debug_macro   0x0000000000000e74       0x22 ./Application/User/Core/main.o
 .debug_macro   0x0000000000000e96       0x8e ./Application/User/Core/main.o
 .debug_macro   0x0000000000000f24       0x51 ./Application/User/Core/main.o
 .debug_macro   0x0000000000000f75      0x103 ./Application/User/Core/main.o
 .debug_macro   0x0000000000001078       0x6a ./Application/User/Core/main.o
 .debug_macro   0x00000000000010e2      0x1df ./Application/User/Core/main.o
 .debug_macro   0x00000000000012c1       0x1c ./Application/User/Core/main.o
 .debug_macro   0x00000000000012dd       0x22 ./Application/User/Core/main.o
 .debug_macro   0x00000000000012ff       0xbd ./Application/User/Core/main.o
 .debug_macro   0x00000000000013bc      0xd23 ./Application/User/Core/main.o
 .debug_macro   0x00000000000020df     0xe09e ./Application/User/Core/main.o
 .debug_macro   0x000000000001017d       0x6d ./Application/User/Core/main.o
 .debug_macro   0x00000000000101ea     0x3468 ./Application/User/Core/main.o
 .debug_macro   0x0000000000013652      0x174 ./Application/User/Core/main.o
 .debug_macro   0x00000000000137c6       0x5c ./Application/User/Core/main.o
 .debug_macro   0x0000000000013822      0x5be ./Application/User/Core/main.o
 .debug_macro   0x0000000000013de0      0x289 ./Application/User/Core/main.o
 .debug_macro   0x0000000000014069      0x1cb ./Application/User/Core/main.o
 .debug_macro   0x0000000000014234      0x114 ./Application/User/Core/main.o
 .debug_macro   0x0000000000014348      0x1b2 ./Application/User/Core/main.o
 .debug_macro   0x00000000000144fa       0x27 ./Application/User/Core/main.o
 .debug_macro   0x0000000000014521      0x136 ./Application/User/Core/main.o
 .debug_macro   0x0000000000014657      0x1bc ./Application/User/Core/main.o
 .debug_macro   0x0000000000014813       0x34 ./Application/User/Core/main.o
 .debug_macro   0x0000000000014847       0x3c ./Application/User/Core/main.o
 .debug_macro   0x0000000000014883       0x57 ./Application/User/Core/main.o
 .debug_macro   0x00000000000148da       0x88 ./Application/User/Core/main.o
 .debug_macro   0x0000000000014962      0x241 ./Application/User/Core/main.o
 .debug_macro   0x0000000000014ba3      0x141 ./Application/User/Core/main.o
 .debug_macro   0x0000000000014ce4      0x8d1 ./Application/User/Core/main.o
 .debug_macro   0x00000000000155b5       0x83 ./Application/User/Core/main.o
 .debug_macro   0x0000000000015638      0x1a3 ./Application/User/Core/stm32f1xx_hal_msp.o
 .debug_macro   0x00000000000157db      0x1ad ./Application/User/Core/stm32f1xx_it.o
 .debug_macro   0x0000000000015988      0x199 ./Drivers/CMSIS/system_stm32f1xx.o
 .debug_macro   0x0000000000015b21      0x1bd ./Drivers/STM32F1xx_HAL_Driver/stm32f1xx_hal.o
 .debug_macro   0x0000000000015cde      0x199 ./Drivers/STM32F1xx_HAL_Driver/stm32f1xx_hal_cortex.o
 .debug_macro   0x0000000000015e77      0x204 ./Drivers/STM32F1xx_HAL_Driver/stm32f1xx_hal_gpio.o
 .debug_macro   0x000000000001607b      0x1ab ./Drivers/STM32F1xx_HAL_Driver/stm32f1xx_hal_rcc.o
 .debug_macro   0x0000000000016226      0x19a ./Drivers/STM32F1xx_HAL_Driver/stm32f1xx_hal_tim.o
 .debug_macro   0x00000000000163c0      0x199 ./Drivers/STM32F1xx_HAL_Driver/stm32f1xx_hal_tim_ex.o

.debug_line     0x0000000000000000     0x9471
 .debug_line    0x0000000000000000      0x85e ./Application/User/Core/main.o
 .debug_line    0x000000000000085e      0x6bb ./Application/User/Core/stm32f1xx_hal_msp.o
 .debug_line    0x0000000000000f19      0x745 ./Application/User/Core/stm32f1xx_it.o
 .debug_line    0x000000000000165e       0x93 ./Application/User/Startup/startup_stm32f103rbtx.o
 .debug_line    0x00000000000016f1      0x701 ./Drivers/CMSIS/system_stm32f1xx.o
 .debug_line    0x0000000000001df2      0x92e ./Drivers/STM32F1xx_HAL_Driver/stm32f1xx_hal.o
 .debug_line    0x0000000000002720      0xb16 ./Drivers/STM32F1xx_HAL_Driver/stm32f1xx_hal_cortex.o
 .debug_line    0x0000000000003236      0x9c5 ./Drivers/STM32F1xx_HAL_Driver/stm32f1xx_hal_gpio.o
 .debug_line    0x0000000000003bfb      0xd3c ./Drivers/STM32F1xx_HAL_Driver/stm32f1xx_hal_rcc.o
 .debug_line    0x0000000000004937     0x32e4 ./Drivers/STM32F1xx_HAL_Driver/stm32f1xx_hal_tim.o
 .debug_line    0x0000000000007c1b     0x1856 ./Drivers/STM32F1xx_HAL_Driver/stm32f1xx_hal_tim_ex.o

.debug_str      0x0000000000000000    0x83ec7
 .debug_str     0x0000000000000000    0x81b19 ./Application/User/Core/main.o
                                      0x81ef0 (size before relaxing)
 .debug_str     0x0000000000081b19       0xae ./Application/User/Core/stm32f1xx_hal_msp.o
                                      0x81bd3 (size before relaxing)
 .debug_str     0x0000000000081bc7       0xe7 ./Application/User/Core/stm32f1xx_it.o
                                      0x816fe (size before relaxing)
 .debug_str     0x0000000000081cae       0x42 ./Application/User/Startup/startup_stm32f103rbtx.o
                                         0x76 (size before relaxing)
 .debug_str     0x0000000000081cf0       0xa6 ./Drivers/CMSIS/system_stm32f1xx.o
                                      0x81714 (size before relaxing)
 .debug_str     0x0000000000081d96      0x625 ./Drivers/STM32F1xx_HAL_Driver/stm32f1xx_hal.o
                                      0x81e47 (size before relaxing)
 .debug_str     0x00000000000823bb      0x2d9 ./Drivers/STM32F1xx_HAL_Driver/stm32f1xx_hal_cortex.o
                                      0x81d93 (size before relaxing)
 .debug_str     0x0000000000082694      0x314 ./Drivers/STM32F1xx_HAL_Driver/stm32f1xx_hal_gpio.o
                                      0x81a9a (size before relaxing)
 .debug_str     0x00000000000829a8      0x247 ./Drivers/STM32F1xx_HAL_Driver/stm32f1xx_hal_rcc.o
                                      0x81b43 (size before relaxing)
 .debug_str     0x0000000000082bef      0xe27 ./Drivers/STM32F1xx_HAL_Driver/stm32f1xx_hal_tim.o
                                      0x82b2e (size before relaxing)
 .debug_str     0x0000000000083a16      0x4b1 ./Drivers/STM32F1xx_HAL_Driver/stm32f1xx_hal_tim_ex.o
                                      0x8234a (size before relaxing)

.comment        0x0000000000000000       0x50
 .comment       0x0000000000000000       0x50 ./Application/User/Core/main.o
                                         0x51 (size before relaxing)
 .comment       0x0000000000000050       0x51 ./Application/User/Core/stm32f1xx_hal_msp.o
 .comment       0x0000000000000050       0x51 ./Application/User/Core/stm32f1xx_it.o
 .comment       0x0000000000000050       0x51 ./Drivers/CMSIS/system_stm32f1xx.o
 .comment       0x0000000000000050       0x51 ./Drivers/STM32F1xx_HAL_Driver/stm32f1xx_hal.o
 .comment       0x0000000000000050       0x51 ./Drivers/STM32F1xx_HAL_Driver/stm32f1xx_hal_cortex.o
 .comment       0x0000000000000050       0x51 ./Drivers/STM32F1xx_HAL_Driver/stm32f1xx_hal_gpio.o
 .comment       0x0000000000000050       0x51 ./Drivers/STM32F1xx_HAL_Driver/stm32f1xx_hal_rcc.o
 .comment       0x0000000000000050       0x51 ./Drivers/STM32F1xx_HAL_Driver/stm32f1xx_hal_tim.o
 .comment       0x0000000000000050       0x51 ./Drivers/STM32F1xx_HAL_Driver/stm32f1xx_hal_tim_ex.o

.debug_frame    0x0000000000000000     0x25c4
 .debug_frame   0x0000000000000000       0xe0 ./Application/User/Core/main.o
 .debug_frame   0x00000000000000e0       0x88 ./Application/User/Core/stm32f1xx_hal_msp.o
 .debug_frame   0x0000000000000168      0x104 ./Application/User/Core/stm32f1xx_it.o
 .debug_frame   0x000000000000026c       0x58 ./Drivers/CMSIS/system_stm32f1xx.o
 .debug_frame   0x00000000000002c4      0x334 ./Drivers/STM32F1xx_HAL_Driver/stm32f1xx_hal.o
 .debug_frame   0x00000000000005f8      0x428 ./Drivers/STM32F1xx_HAL_Driver/stm32f1xx_hal_cortex.o
 .debug_frame   0x0000000000000a20      0x14c ./Drivers/STM32F1xx_HAL_Driver/stm32f1xx_hal_gpio.o
 .debug_frame   0x0000000000000b6c      0x21c ./Drivers/STM32F1xx_HAL_Driver/stm32f1xx_hal_rcc.o
 .debug_frame   0x0000000000000d88     0x11b8 ./Drivers/STM32F1xx_HAL_Driver/stm32f1xx_hal_tim.o
 .debug_frame   0x0000000000001f40      0x638 ./Drivers/STM32F1xx_HAL_Driver/stm32f1xx_hal_tim_ex.o
 .debug_frame   0x0000000000002578       0x2c c:/st/stm32cubeide_1.9.0/stm32cubeide/plugins/com.st.stm32cube.ide.mcu.externaltools.gnu-tools-for-stm32.10.3-2021.10.win32_1.0.0.202111181127/tools/bin/../lib/gcc/arm-none-eabi/10.3.1/../../../../arm-none-eabi/lib/thumb/v7-m/nofp\libc_nano.a(lib_a-init.o)
 .debug_frame   0x00000000000025a4       0x20 c:/st/stm32cubeide_1.9.0/stm32cubeide/plugins/com.st.stm32cube.ide.mcu.externaltools.gnu-tools-for-stm32.10.3-2021.10.win32_1.0.0.202111181127/tools/bin/../lib/gcc/arm-none-eabi/10.3.1/../../../../arm-none-eabi/lib/thumb/v7-m/nofp\libc_nano.a(lib_a-memset.o)
